# serializer version: 1
# name: TestCompanyAdmin.test_display_for_new_company
  '''
  <div class="form-row field-approvals_list">
              
              
                  <div>
                      
                          <div class="flex-container">
                              
                                  <label>Liste des PASS IAE pour cette entreprise :</label>
                                  
                                      <div class="readonly">-</div>
                                  
                              
                          </div>
                      
                  </div>
              
              
          </div>
  '''
# ---
