# serializer version: 1
# name: TestRdvInsertionView.test_rdv_insertion_configured_and_valid_rdv_insertion_exchange_with_no_pending_request
  '''
  <button class="btn btn-success btn-ico" data-bs-html="true" data-bs-placement="left" data-bs-title="Une relance sera envoyée 3 jours après.
              &lt;br&gt;
              Vous pourrez renvoyer une invitation sous 10J." data-bs-toggle="tooltip" disabled="" type="button">
              <i aria-hidden="true" class="ri-check-line font-weight-medium"></i>
              <span>Invitation envoyée</span>
          </button>
  '''
# ---
# name: TestRdvInsertionView.test_rdv_insertion_configured_and_valid_rdv_insertion_exchange_with_pending_request[invitation_request_created]
  '''
  <button class="btn btn-success btn-ico" data-bs-html="true" data-bs-placement="left" data-bs-title="Une relance sera envoyée 3 jours après.
              &lt;br&gt;
              Vous pourrez renvoyer une invitation sous 10J." data-bs-toggle="tooltip" disabled="" type="button">
              <i aria-hidden="true" class="ri-check-line font-weight-medium"></i>
              <span>Invitation envoyée</span>
          </button>
  '''
# ---
# name: TestRdvInsertionView.test_rdv_insertion_configured_and_valid_rdv_insertion_exchange_with_pending_request[pending_invitation_request_still_too_recent]
  '''
  <button class="btn btn-success btn-ico" data-bs-html="true" data-bs-placement="left" data-bs-title="Une relance sera envoyée 3 jours après.
              &lt;br&gt;
              Vous pourrez renvoyer une invitation sous 10J." data-bs-toggle="tooltip" disabled="" type="button">
              <i aria-hidden="true" class="ri-check-line font-weight-medium"></i>
              <span>Invitation envoyée</span>
          </button>
  '''
# ---
# name: TestRdvInsertionView.test_rdv_insertion_configured_and_valid_rdv_insertion_exchange_with_pending_request[pending_invitation_request_too_recent]
  '''
  <button class="btn btn-success btn-ico" data-bs-html="true" data-bs-placement="left" data-bs-title="Une relance sera envoyée 3 jours après.
              &lt;br&gt;
              Vous pourrez renvoyer une invitation sous 10J." data-bs-toggle="tooltip" disabled="" type="button">
              <i aria-hidden="true" class="ri-check-line font-weight-medium"></i>
              <span>Invitation envoyée</span>
          </button>
  '''
# ---
# name: TestRdvInsertionView.test_rdv_insertion_configured_invalid_job_application
  '''
  <button class="btn btn-danger btn-ico" data-bs-placement="left" data-bs-title="Une erreur s’est produite, l’envoi n’a pas abouti." data-bs-toggle="tooltip" disabled="" type="button">
                  <i aria-hidden="true" class="ri-alert-line font-weight-medium"></i>
                  <span>Une erreur est survenue</span>
              </button>
  '''
# ---
# name: TestRdvInsertionView.test_rdv_insertion_configured_with_failed_rdv_insertion_exchange
  '''
  <form class="d-inline-flex has-btn-with-spinner-loading-text" hx-post="/apply/11111111-1111-1111-1111-111111111111/rdv-insertion-invite" hx-swap="outerHTML">
                  <input name="csrfmiddlewaretoken" type="hidden" value="NORMALIZED_CSRF_TOKEN"/>
                  <button aria-label="Proposer un rendez-vous à Jacques HENRY" class="btn btn-danger btn-ico" data-bs-placement="left" data-bs-title="Une erreur s’est produite, l’envoi n’a pas abouti." data-bs-toggle="tooltip" data-matomo-action="clic" data-matomo-category="candidature" data-matomo-event="true" data-matomo-option="proposer-rdv">
                      <div class="stable-text">
                          <i aria-hidden="true" class="ri-alert-line font-weight-medium"></i>
                          <span>Réessayer un envoi</span>
                      </div>
                      <div class="loading-text">
                          <span aria-hidden="true" class="spinner-border spinner-border-sm" role="status"></span>
                          <span>Envoi en cours</span>
                      </div>
                  </button>
              </form>
  '''
# ---
# name: TestRdvInsertionView.test_rdv_insertion_not_configured
  '''
  <button class="btn btn-danger btn-ico" data-bs-placement="left" data-bs-title="Une erreur s’est produite, l’envoi n’a pas abouti." data-bs-toggle="tooltip" disabled="" type="button">
                  <i aria-hidden="true" class="ri-alert-line font-weight-medium"></i>
                  <span>Une erreur est survenue</span>
              </button>
  '''
# ---
