# serializer version: 1
# name: JobDescriptionListViewTest.test_job_application_list_response_content[job applications list]
  dict({
    'num_queries': 16,
    'queries': list([
      dict({
        'origin': list([
          'SessionStore._get_session_from_db[<site-packages>/django/contrib/sessions/backends/db.py]',
        ]),
        'sql': '''
          SELECT "django_session"."session_key",
                 "django_session"."session_data",
                 "django_session"."expire_date"
          FROM "django_session"
          WHERE ("django_session"."expire_date" > %s
                 AND "django_session"."session_key" = %s)
          LIMIT 21
        ''',
      }),
      dict({
        'origin': list([
          'ItouCurrentOrganizationMiddleware.__call__[utils/perms/middleware.py]',
        ]),
        'sql': '''
          SELECT "users_user"."id",
                 "users_user"."password",
                 "users_user"."last_login",
                 "users_user"."is_superuser",
                 "users_user"."username",
                 "users_user"."first_name",
                 "users_user"."last_name",
                 "users_user"."is_staff",
                 "users_user"."is_active",
                 "users_user"."date_joined",
                 "users_user"."address_line_1",
                 "users_user"."address_line_2",
                 "users_user"."post_code",
                 "users_user"."city",
                 "users_user"."department",
                 "users_user"."coords",
                 "users_user"."geocoding_score",
                 "users_user"."geocoding_updated_at",
                 "users_user"."ban_api_resolved_address",
                 "users_user"."insee_city_id",
                 "users_user"."title",
                 "users_user"."email",
                 "users_user"."phone",
                 "users_user"."kind",
                 "users_user"."identity_provider",
                 "users_user"."has_completed_welcoming_tour",
                 "users_user"."created_by_id",
                 "users_user"."external_data_source_history",
                 "users_user"."last_checked_at",
                 "users_user"."public_id",
                 "users_user"."address_filled_at",
                 "users_user"."first_login"
          FROM "users_user"
          WHERE "users_user"."id" = %s
          LIMIT 21
        ''',
      }),
      dict({
        'origin': list([
          'ItouCurrentOrganizationMiddleware.__call__[utils/perms/middleware.py]',
        ]),
        'sql': '''
          SELECT "companies_companymembership"."id",
                 "companies_companymembership"."user_id",
                 "companies_companymembership"."joined_at",
                 "companies_companymembership"."is_admin",
                 "companies_companymembership"."is_active",
                 "companies_companymembership"."created_at",
                 "companies_companymembership"."updated_at",
                 "companies_companymembership"."company_id",
                 "companies_companymembership"."updated_by_id",
                 "companies_companymembership"."notifications"
          FROM "companies_companymembership"
          WHERE ("companies_companymembership"."user_id" = %s
                 AND "companies_companymembership"."is_active")
          ORDER BY "companies_companymembership"."created_at" ASC
        ''',
      }),
      dict({
        'origin': list([
          'ItouCurrentOrganizationMiddleware.__call__[utils/perms/middleware.py]',
        ]),
        'sql': '''
          SELECT "companies_company"."id",
                 "companies_company"."address_line_1",
                 "companies_company"."address_line_2",
                 "companies_company"."post_code",
                 "companies_company"."city",
                 "companies_company"."department",
                 "companies_company"."coords",
                 "companies_company"."geocoding_score",
                 "companies_company"."geocoding_updated_at",
                 "companies_company"."ban_api_resolved_address",
                 "companies_company"."insee_city_id",
                 "companies_company"."name",
                 "companies_company"."created_at",
                 "companies_company"."updated_at",
                 "companies_company"."uid",
                 "companies_company"."active_members_email_reminder_last_sent_at",
                 "companies_company"."siret",
                 "companies_company"."naf",
                 "companies_company"."kind",
                 "companies_company"."brand",
                 "companies_company"."phone",
                 "companies_company"."email",
                 "companies_company"."auth_email",
                 "companies_company"."website",
                 "companies_company"."description",
                 "companies_company"."provided_support",
                 "companies_company"."source",
                 "companies_company"."created_by_id",
                 "companies_company"."block_job_applications",
                 "companies_company"."job_applications_blocked_at",
                 "companies_company"."convention_id",
                 "companies_company"."job_app_score",
                 "companies_company"."rdv_solidarites_id",
                 EXISTS
            (SELECT %s AS "a"
             FROM "companies_siaeconvention" U0
             WHERE (U0."deactivated_at" >= %s
                    AND U0."id" = ("companies_company"."convention_id"))
             LIMIT 1) AS "has_convention_in_grace_period"
          FROM "companies_company"
          INNER JOIN "companies_companymembership" ON ("companies_company"."id" = "companies_companymembership"."company_id")
          WHERE (NOT ("companies_company"."siret" = %s)
                 AND "companies_companymembership"."user_id" = %s
                 AND "companies_company"."id" IN (%s)
                 AND (NOT ("companies_company"."kind" IN (%s,
                                                          %s,
                                                          %s,
                                                          %s,
                                                          %s))
                      OR "companies_company"."source" = %s
                      OR EXISTS
                        (SELECT %s AS "a"
                         FROM "companies_siaeconvention" U0
                         WHERE (U0."id" = ("companies_company"."convention_id")
                                AND U0."is_active")
                         LIMIT 1)
                      OR EXISTS
                        (SELECT %s AS "a"
                         FROM "companies_siaeconvention" U0
                         WHERE (U0."deactivated_at" >= %s
                                AND U0."id" = ("companies_company"."convention_id"))
                         LIMIT 1)))
          ORDER BY RANDOM() ASC
        ''',
      }),
      dict({
        'origin': list([
          'Atomic.__enter__[<site-packages>/django/db/transaction.py]',
        ]),
        'sql': 'SAVEPOINT "<snapshot>"',
      }),
      dict({
        'origin': list([
          'pager[utils/pagination.py]',
          'job_description_list[www/companies_views/views.py]',
        ]),
        'sql': '''
          SELECT COUNT(*) AS "__count"
          FROM "companies_jobdescription"
          WHERE "companies_jobdescription"."company_id" = %s
        ''',
      }),
      dict({
        'origin': list([
          'Company.has_admin[common_apps/organizations/models.py]',
          'Company.convention_can_be_accessed_by[companies/models.py]',
          'job_description_list[www/companies_views/views.py]',
        ]),
        'sql': '''
          SELECT %s AS "a"
          FROM "users_user"
          INNER JOIN "companies_companymembership" ON ("users_user"."id" = "companies_companymembership"."user_id")
          WHERE ("companies_companymembership"."id" IN
                   (SELECT U0."id"
                    FROM "companies_companymembership" U0
                    INNER JOIN "users_user" U2 ON (U0."user_id" = U2."id")
                    WHERE (U0."company_id" = %s
                           AND U2."is_active"
                           AND U0."is_active"
                           AND U0."is_admin"
                           AND U2."is_active"))
                 AND "users_user"."id" = %s)
          LIMIT 1
        ''',
      }),
      dict({
        'origin': list([
          'Company.is_active[companies/models.py]',
          'nav[utils/templatetags/nav.py]',
          'InclusionNode[layout/_header_authenticated.html]',
          'IncludeNode[layout/base.html]',
          'IfNode[layout/base.html]',
          'ExtendsNode[companies/job_description_list.html]',
          'job_description_list[www/companies_views/views.py]',
        ]),
        'sql': '''
          SELECT "companies_siaeconvention"."id",
                 "companies_siaeconvention"."kind",
                 "companies_siaeconvention"."siret_signature",
                 "companies_siaeconvention"."is_active",
                 "companies_siaeconvention"."deactivated_at",
                 "companies_siaeconvention"."reactivated_by_id",
                 "companies_siaeconvention"."reactivated_at",
                 "companies_siaeconvention"."asp_id",
                 "companies_siaeconvention"."created_at",
                 "companies_siaeconvention"."updated_at"
          FROM "companies_siaeconvention"
          WHERE "companies_siaeconvention"."id" = %s
          LIMIT 21
        ''',
      }),
      dict({
        'origin': list([
          'Company.has_admin[common_apps/organizations/models.py]',
          'Company.convention_can_be_accessed_by[companies/models.py]',
          'nav[utils/templatetags/nav.py]',
          'InclusionNode[layout/_header_authenticated.html]',
          'IncludeNode[layout/base.html]',
          'IfNode[layout/base.html]',
          'ExtendsNode[companies/job_description_list.html]',
          'job_description_list[www/companies_views/views.py]',
        ]),
        'sql': '''
          SELECT %s AS "a"
          FROM "users_user"
          INNER JOIN "companies_companymembership" ON ("users_user"."id" = "companies_companymembership"."user_id")
          WHERE ("companies_companymembership"."id" IN
                   (SELECT U0."id"
                    FROM "companies_companymembership" U0
                    INNER JOIN "users_user" U2 ON (U0."user_id" = U2."id")
                    WHERE (U0."company_id" = %s
                           AND U2."is_active"
                           AND U0."is_active"
                           AND U0."is_admin"
                           AND U2."is_active"))
                 AND "users_user"."id" = %s)
          LIMIT 1
        ''',
      }),
      dict({
        'origin': list([
          'IfNode[companies/job_description_list.html]',
          'BlockNode[layout/base.html]',
          'ExtendsNode[companies/job_description_list.html]',
          'job_description_list[www/companies_views/views.py]',
        ]),
        'sql': '''
          SELECT "companies_jobdescription"."id",
                 "companies_jobdescription"."appellation_id",
                 "companies_jobdescription"."company_id",
                 "companies_jobdescription"."created_at",
                 "companies_jobdescription"."updated_at",
                 "companies_jobdescription"."is_active",
                 "companies_jobdescription"."custom_name",
                 "companies_jobdescription"."description",
                 "companies_jobdescription"."ui_rank",
                 "companies_jobdescription"."contract_type",
                 "companies_jobdescription"."other_contract_type",
                 "companies_jobdescription"."contract_nature",
                 "companies_jobdescription"."location_id",
                 "companies_jobdescription"."hours_per_week",
                 "companies_jobdescription"."open_positions",
                 "companies_jobdescription"."profile_description",
                 "companies_jobdescription"."is_resume_mandatory",
                 "companies_jobdescription"."is_qpv_mandatory",
                 "companies_jobdescription"."market_context_description",
                 "companies_jobdescription"."source_id",
                 "companies_jobdescription"."source_kind",
                 "companies_jobdescription"."source_url",
                 "companies_jobdescription"."field_history",
                 "companies_jobdescription"."creation_source",
                 "companies_company"."id",
                 "companies_company"."address_line_1",
                 "companies_company"."address_line_2",
                 "companies_company"."post_code",
                 "companies_company"."city",
                 "companies_company"."department",
                 "companies_company"."coords",
                 "companies_company"."geocoding_score",
                 "companies_company"."geocoding_updated_at",
                 "companies_company"."ban_api_resolved_address",
                 "companies_company"."insee_city_id",
                 "companies_company"."name",
                 "companies_company"."created_at",
                 "companies_company"."updated_at",
                 "companies_company"."uid",
                 "companies_company"."active_members_email_reminder_last_sent_at",
                 "companies_company"."siret",
                 "companies_company"."naf",
                 "companies_company"."kind",
                 "companies_company"."brand",
                 "companies_company"."phone",
                 "companies_company"."email",
                 "companies_company"."auth_email",
                 "companies_company"."website",
                 "companies_company"."description",
                 "companies_company"."provided_support",
                 "companies_company"."source",
                 "companies_company"."created_by_id",
                 "companies_company"."block_job_applications",
                 "companies_company"."job_applications_blocked_at",
                 "companies_company"."convention_id",
                 "companies_company"."job_app_score",
                 "companies_company"."rdv_solidarites_id",
                 "cities_city"."id",
                 "cities_city"."name",
                 "cities_city"."slug",
                 "cities_city"."department",
                 "cities_city"."post_codes",
                 "cities_city"."code_insee",
                 "cities_city"."coords",
                 "cities_city"."edition_mode"
          FROM "companies_jobdescription"
          INNER JOIN "companies_company" ON ("companies_jobdescription"."company_id" = "companies_company"."id")
          LEFT OUTER JOIN "cities_city" ON ("companies_jobdescription"."location_id" = "cities_city"."id")
          WHERE "companies_jobdescription"."company_id" = %s
          ORDER BY "companies_jobdescription"."updated_at" DESC,
                   "companies_jobdescription"."created_at" DESC
          LIMIT 4
        ''',
      }),
      dict({
        'origin': list([
          'IfNode[companies/job_description_list.html]',
          'BlockNode[layout/base.html]',
          'ExtendsNode[companies/job_description_list.html]',
          'job_description_list[www/companies_views/views.py]',
        ]),
        'sql': '''
          SELECT "jobs_appellation"."updated_at",
                 "jobs_appellation"."code",
                 "jobs_appellation"."name",
                 "jobs_appellation"."rome_id",
                 "jobs_appellation"."full_text"
          FROM "jobs_appellation"
          WHERE "jobs_appellation"."code" IN (%s,
                                              %s,
                                              %s,
                                              %s)
          ORDER BY "jobs_appellation"."name" ASC
        ''',
      }),
      dict({
        'origin': list([
          'IfNode[companies/job_description_list.html]',
          'BlockNode[layout/base.html]',
          'ExtendsNode[companies/job_description_list.html]',
          'job_description_list[www/companies_views/views.py]',
        ]),
        'sql': '''
          SELECT "jobs_rome"."updated_at",
                 "jobs_rome"."code",
                 "jobs_rome"."name"
          FROM "jobs_rome"
          WHERE "jobs_rome"."code" IN (%s,
                                       %s,
                                       %s,
                                       %s)
          ORDER BY RANDOM() ASC
        ''',
      }),
      dict({
        'origin': list([
          'Atomic.__exit__[<site-packages>/django/db/transaction.py]',
        ]),
        'sql': 'RELEASE SAVEPOINT "<snapshot>"',
      }),
      dict({
        'origin': list([
          'Atomic.__enter__[<site-packages>/django/db/transaction.py]',
          'SessionStore.save[<site-packages>/django/contrib/sessions/backends/db.py]',
        ]),
        'sql': 'SAVEPOINT "<snapshot>"',
      }),
      dict({
        'origin': list([
          'SessionStore.save[<site-packages>/django/contrib/sessions/backends/db.py]',
        ]),
        'sql': '''
          UPDATE "django_session"
          SET "session_data" = %s,
              "expire_date" = %s
          WHERE "django_session"."session_key" = %s
        ''',
      }),
      dict({
        'origin': list([
          'Atomic.__exit__[<site-packages>/django/db/transaction.py]',
          'SessionStore.save[<site-packages>/django/contrib/sessions/backends/db.py]',
        ]),
        'sql': 'RELEASE SAVEPOINT "<snapshot>"',
      }),
    ]),
  })
# ---
