# serializer version: 1
# name: test_sync_commune[modified_communes]
  list([
    '\tCHANGED name=CRANS changed to value=CRANS-LENNUI',
    '\tCHANGED name=OUDAIN changed to value=HOUDAIN',
    '\tADDED {"code": "37139", "name": "LUYNES", "start_date": "1900-01-01", "end_date": "1999-12-31"}',
    '\tADDED {"code": "37200", "name": "RIVARENNES", "start_date": "1900-01-01", "end_date": "1999-12-31"}',
    '\tADDED {"code": "41016", "name": "BILLY", "start_date": "1942-01-01", "end_date": "1999-12-31"}',
    '\tREMOVED {"code": "41016", "name": "BILLY", "start_date": "1900-01-01", "end_date": "1999-12-31"}',
    '> successfully deleted count=1 communes',
    '> successfully updated count=2 communes',
    '> successfully created count=3 new communes',
    '> REALIGN birth_place for code=41016 name=BILLY at=1990-01-01 found with new_name=BILLY and start_date=1942-01-01',
    '> REALIGN hexa_commune for code=41016 name=BILLY found with new_name=BILLY and start_date=1942-01-01',
    '> realigned count=1 JobSeeker profiles with updated communes.',
  ])
# ---
# name: test_sync_commune[original_communes]
  list([
    '\tADDED {"code": "01129", "name": "CRANS", "start_date": "1900-01-01", "end_date": "1999-12-31"}',
    '\tADDED {"code": "38056", "name": "BRESSIEUX", "start_date": "2007-01-01", "end_date": null}',
    '\tADDED {"code": "38063", "name": "BURCIN", "start_date": "2000-01-01", "end_date": null}',
    '\tADDED {"code": "38165", "name": "FITILIEU", "start_date": "2000-01-01", "end_date": "2015-12-31"}',
    '\tADDED {"code": "39018", "name": "AROMAS", "start_date": "1900-01-01", "end_date": "1999-12-31"}',
    '\tADDED {"code": "41016", "name": "BILLY", "start_date": "1900-01-01", "end_date": "1999-12-31"}',
    '\tADDED {"code": "41174", "name": "PERIGNY", "start_date": "2000-01-01", "end_date": null}',
    '\tADDED {"code": "44061", "name": "FROSSAY", "start_date": "2000-01-01", "end_date": null}',
    '\tADDED {"code": "45243", "name": "OUZOUER-SOUS-BELLEGARDE", "start_date": "2000-01-01", "end_date": null}',
    '\tADDED {"code": "46328", "name": "VARAIRE", "start_date": "1900-01-01", "end_date": "1999-12-31"}',
    '\tADDED {"code": "49133", "name": "FAVERAYE-MACHELLES", "start_date": "2000-01-01", "end_date": "2015-12-31"}',
    '\tADDED {"code": "50500", "name": "SAINT-LAURENT-DE-TERREGATT", "start_date": "2000-01-01", "end_date": null}',
    '\tADDED {"code": "54137", "name": "CONS-LA-GRANDVILLE", "start_date": "2000-01-01", "end_date": null}',
    '\tADDED {"code": "57504", "name": "NIDERHOFF", "start_date": "1900-01-01", "end_date": "1999-12-31"}',
    '\tADDED {"code": "58113", "name": "FERTREVE", "start_date": "2000-01-01", "end_date": null}',
    '\tADDED {"code": "58178", "name": "MONTIGNY-SUR-CANNE", "start_date": "2000-01-01", "end_date": null}',
    '\tADDED {"code": "59040", "name": "AYMERIES/AULNOYE-AYMERIES", "start_date": "2000-01-01", "end_date": "2018-02-28"}',
    '\tADDED {"code": "60101", "name": "BREGY", "start_date": "2000-01-01", "end_date": null}',
    '\tADDED {"code": "61440", "name": "SAINT-OUEN-SUR-ITON", "start_date": "2000-01-01", "end_date": null}',
    '\tADDED {"code": "62457", "name": "OUDAIN", "start_date": "1900-01-01", "end_date": null}',
    '\tADDED {"code": "63336", "name": "SAINT-DONAT", "start_date": "2000-01-01", "end_date": null}',
    '\tADDED {"code": "64221", "name": "ETCHARRY", "start_date": "2000-01-01", "end_date": null}',
    '\tADDED {"code": "64537", "name": "TROIS-VILLES", "start_date": "2000-01-01", "end_date": null}',
    '\tADDED {"code": "67187", "name": "HEIDOLSHEIM", "start_date": "1900-01-01", "end_date": "1999-12-31"}',
    '\tADDED {"code": "76405", "name": "MANEHOUVILLE", "start_date": "2000-01-01", "end_date": null}',
    '\tADDED {"code": "80782", "name": "VAUX-EN-AMIENOIS", "start_date": "1900-01-01", "end_date": "1999-12-31"}',
    '\tADDED {"code": "81127", "name": "LACROISILLE", "start_date": "2000-01-01", "end_date": null}',
    '\tADDED {"code": "82097", "name": "LAVIT", "start_date": "2000-01-01", "end_date": null}',
    '\tADDED {"code": "82157", "name": "SAINT-BEAUZEIL", "start_date": "1900-01-01", "end_date": "1999-12-31"}',
    '\tADDED {"code": "84082", "name": "MORMOIRON", "start_date": "2000-01-01", "end_date": null}',
    '\tADDED {"code": "87004", "name": "AUGNE", "start_date": "2000-01-01", "end_date": null}',
    '\tADDED {"code": "87154", "name": "SAINT-JUNIEN", "start_date": "1900-01-01", "end_date": "1999-12-31"}',
    '\tADDED {"code": "88527", "name": "XAFFEVILLERS", "start_date": "1900-01-01", "end_date": "1999-12-31"}',
    '\tADDED {"code": "89065", "name": "CERILLY", "start_date": "1900-01-01", "end_date": "1999-12-31"}',
    '\tADDED {"code": "90009", "name": "BEAUCOURT", "start_date": "1900-01-01", "end_date": "1999-12-31"}',
    '\tREMOVED {"code": "07141", "name": "LENTILLERES", "start_date": "1900-01-01", "end_date": "1999-12-31"}',
    '\tREMOVED {"code": "07141", "name": "LENTILLERES", "start_date": "2000-01-01", "end_date": null}',
    '\tREMOVED {"code": "08488", "name": "VIVIER-AU-COURT", "start_date": "1900-01-01", "end_date": "1999-12-31"}',
    '\tREMOVED {"code": "08488", "name": "VIVIER-AU-COURT", "start_date": "2000-01-01", "end_date": null}',
    '\tREMOVED {"code": "12176", "name": "ONET-LE-CHATEAU", "start_date": "1900-01-01", "end_date": "1999-12-31"}',
    '\tREMOVED {"code": "12176", "name": "ONET-LE-CHATEAU", "start_date": "2000-01-01", "end_date": null}',
    '\tREMOVED {"code": "13200", "name": "MARSEILLE", "start_date": "1900-01-01", "end_date": null}',
    '\tREMOVED {"code": "37273", "name": "VILLE-AUX-DAMES", "start_date": "1900-01-01", "end_date": "1999-12-31"}',
    '\tREMOVED {"code": "37273", "name": "VILLE-AUX-DAMES", "start_date": "2000-01-01", "end_date": null}',
    '\tREMOVED {"code": "41269", "name": "VENDOME", "start_date": "1900-01-01", "end_date": "1999-12-31"}',
    '\tREMOVED {"code": "41269", "name": "VENDOME", "start_date": "2000-01-01", "end_date": null}',
    '\tREMOVED {"code": "58273", "name": "SAUVIGNY-LES-BOIS", "start_date": "1900-01-01", "end_date": "1999-12-31"}',
    '\tREMOVED {"code": "58273", "name": "SAUVIGNY-LES-BOIS", "start_date": "2000-01-01", "end_date": null}',
    '\tREMOVED {"code": "59183", "name": "DUNKERQUE", "start_date": "1900-01-01", "end_date": "1999-12-31"}',
    '\tREMOVED {"code": "59183", "name": "DUNKERQUE", "start_date": "2000-01-01", "end_date": null}',
    '\tREMOVED {"code": "59291", "name": "HAUTMONT", "start_date": "1900-01-01", "end_date": "1999-12-31"}',
    '\tREMOVED {"code": "59291", "name": "HAUTMONT", "start_date": "2000-01-01", "end_date": null}',
    '\tREMOVED {"code": "59350", "name": "LILLE", "start_date": "1900-01-01", "end_date": "1999-12-31"}',
    '\tREMOVED {"code": "59350", "name": "LILLE", "start_date": "2000-01-01", "end_date": null}',
    '\tREMOVED {"code": "62215", "name": "CARVIN", "start_date": "1900-01-01", "end_date": "1999-12-31"}',
    '\tREMOVED {"code": "62215", "name": "CARVIN", "start_date": "2000-01-01", "end_date": null}',
    '\tREMOVED {"code": "62525", "name": "LONGUENESSE", "start_date": "1900-01-01", "end_date": "1999-12-31"}',
    '\tREMOVED {"code": "62525", "name": "LONGUENESSE", "start_date": "2000-01-01", "end_date": null}',
    '\tREMOVED {"code": "62570", "name": "MERICOURT", "start_date": "1900-01-01", "end_date": "1999-12-31"}',
    '\tREMOVED {"code": "62570", "name": "MERICOURT", "start_date": "2000-01-01", "end_date": null}',
    '\tREMOVED {"code": "62758", "name": "SAINT-MARTIN-BOULOGNE", "start_date": "1900-01-01", "end_date": "1999-12-31"}',
    '\tREMOVED {"code": "62758", "name": "SAINT-MARTIN-BOULOGNE", "start_date": "2000-01-01", "end_date": null}',
    '\tREMOVED {"code": "64483", "name": "SAINT-JEAN-DE-LUZ", "start_date": "1900-01-01", "end_date": "1999-12-31"}',
    '\tREMOVED {"code": "64483", "name": "SAINT-JEAN-DE-LUZ", "start_date": "2000-01-01", "end_date": null}',
    '\tREMOVED {"code": "67152", "name": "GEISPOLSHEIM", "start_date": "1900-01-01", "end_date": "1999-12-31"}',
    '\tREMOVED {"code": "67152", "name": "GEISPOLSHEIM", "start_date": "2000-01-01", "end_date": null}',
    '\tREMOVED {"code": "67482", "name": "STRASBOURG", "start_date": "1900-01-01", "end_date": "1999-12-31"}',
    '\tREMOVED {"code": "67482", "name": "STRASBOURG", "start_date": "2000-01-01", "end_date": null}',
    '\tREMOVED {"code": "69256", "name": "VAULX-EN-VELIN", "start_date": "1900-01-01", "end_date": "1999-12-31"}',
    '\tREMOVED {"code": "69256", "name": "VAULX-EN-VELIN", "start_date": "2000-01-01", "end_date": null}',
    '\tREMOVED {"code": "77284", "name": "MEAUX", "start_date": "1900-01-01", "end_date": "1999-12-31"}',
    '\tREMOVED {"code": "77284", "name": "MEAUX", "start_date": "2000-01-01", "end_date": null}',
    '\tREMOVED {"code": "83100", "name": "PUGET-VILLE", "start_date": "1900-01-01", "end_date": "1999-12-31"}',
    '\tREMOVED {"code": "83100", "name": "PUGET-VILLE", "start_date": "2000-01-01", "end_date": null}',
    '\tREMOVED {"code": "83136", "name": "THORONET", "start_date": "1900-01-01", "end_date": "1999-12-31"}',
    '\tREMOVED {"code": "83136", "name": "THORONET", "start_date": "2000-01-01", "end_date": null}',
    '\tREMOVED {"code": "85146", "name": "MONTAIGU", "start_date": "1900-01-01", "end_date": "1999-12-31"}',
    '\tREMOVED {"code": "85146", "name": "MONTAIGU", "start_date": "2000-01-01", "end_date": null}',
    '\tREMOVED {"code": "86194", "name": "POITIERS", "start_date": "1900-01-01", "end_date": "1999-12-31"}',
    '\tREMOVED {"code": "86194", "name": "POITIERS", "start_date": "2000-01-01", "end_date": null}',
    '\tREMOVED {"code": "87114", "name": "PANAZOL", "start_date": "1900-01-01", "end_date": "1999-12-31"}',
    '\tREMOVED {"code": "87114", "name": "PANAZOL", "start_date": "2000-01-01", "end_date": null}',
    '\tREMOVED {"code": "88160", "name": "EPINAL", "start_date": "1900-01-01", "end_date": "1999-12-31"}',
    '\tREMOVED {"code": "88160", "name": "EPINAL", "start_date": "2000-01-01", "end_date": null}',
    '\tREMOVED {"code": "91432", "name": "MORANGIS", "start_date": "1968-01-01", "end_date": "1999-12-31"}',
    '\tREMOVED {"code": "91432", "name": "MORANGIS", "start_date": "2000-01-01", "end_date": null}',
    '\tREMOVED {"code": "97108", "name": "CAPESTERRE-DE-MARIE-GALANT", "start_date": "1900-01-01", "end_date": null}',
    '\tREMOVED {"code": "97801", "name": "SAINT-MARTIN", "start_date": "2007-02-21", "end_date": null}',
    '> successfully deleted count=53 communes',
    '> successfully updated count=0 communes',
    '> successfully created count=35 new communes',
  ])
# ---
# name: test_sync_commune[with_cities]
  list([
    '> successfully deleted count=0 communes',
    '> successfully updated count=0 communes',
    '> successfully created count=0 new communes',
  ])
# ---
